// Jest Snapshot v1, https://goo.gl/fbAQLP

exports[`macros 1. macros: 1. macros 1`] = `
"
import flavors from './flavors'
flavors();

      ↓ ↓ ↓ ↓ ↓ ↓

import flavors from './flavors';
flavors();
"
`;
